// Jest Snapshot v1, https://goo.gl/fbAQLP

exports[`sagas test 1`] = `
Object {
  "done": false,
  "value": Object {
    "@@redux-saga/IO": true,
    "combinator": true,
    "payload": Array [
      Object {
        "@@redux-saga/IO": true,
        "combinator": false,
        "payload": Object {
          "args": Array [],
          "context": null,
          "fn": [Function],
        },
        "type": "FORK",
      },
    ],
    "type": "ALL",
  },
}
`;
